This is pdfTeX, Version 3.141592653-2.6-1.40.26 (TeX Live 2024) (preloaded format=pdflatex 2025.4.18)  19 OCT 2025 21:35
entering extended mode
 restricted \write18 enabled.
 %&-line parsing enabled.
**./figures/._pakage_tikz.tex
(./figures/._pakage_tikz.tex
LaTeX2e <2024-11-01> patch level 2
L3 programming layer <2025-01-18>
! Text line contains an invalid character.
l.1 ^^@
       ^^E^^V^^G^^@^^B^^@^^@Mac OS X        ^^@^^B^^@^^@^^@	^^@^^@^^@2^^@^^@...
A funny symbol that I can't read has just been input.
Continue, and I'll forget that it ever happened.


! LaTeX Error: Unicode character ^^E (U+0005)
               not set up for use with LaTeX.

See the LaTeX manual or LaTeX Companion for explanation.
Type  H <return>  for immediate help.
 ...                                              
                                                  
l.1 ^^@^^E
          ^^V^^G^^@^^B^^@^^@Mac OS X        ^^@^^B^^@^^@^^@	^^@^^@^^@2^^@^^@...

You may provide a definition with
\DeclareUnicodeCharacter 


! LaTeX Error: Unicode character ^^V (U+0016)
               not set up for use with LaTeX.

See the LaTeX manual or LaTeX Companion for explanation.
Type  H <return>  for immediate help.
 ...                                              
                                                  
l.1 ^^@^^E^^V
             ^^G^^@^^B^^@^^@Mac OS X        ^^@^^B^^@^^@^^@	^^@^^@^^@2^^@^^@...

You may provide a definition with
\DeclareUnicodeCharacter 


! LaTeX Error: Unicode character ^^G (U+0007)
               not set up for use with LaTeX.

See the LaTeX manual or LaTeX Companion for explanation.
Type  H <return>  for immediate help.
 ...                                              
                                                  
l.1 ^^@^^E^^V^^G
                ^^@^^B^^@^^@Mac OS X        ^^@^^B^^@^^@^^@	^^@^^@^^@2^^@^^@...

You may provide a definition with
\DeclareUnicodeCharacter 

! Text line contains an invalid character.
l.1 ^^@^^E^^V^^G^^@
                   ^^B^^@^^@Mac OS X        ^^@^^B^^@^^@^^@	^^@^^@^^@2^^@^^@...
A funny symbol that I can't read has just been input.
Continue, and I'll forget that it ever happened.


! LaTeX Error: Unicode character ^^B (U+0002)
               not set up for use with LaTeX.

See the LaTeX manual or LaTeX Companion for explanation.
Type  H <return>  for immediate help.
 ...                                              
                                                  
l.1 ^^@^^E^^V^^G^^@^^B
                      ^^@^^@Mac OS X        ^^@^^B^^@^^@^^@	^^@^^@^^@2^^@^^@...

You may provide a definition with
\DeclareUnicodeCharacter 

! Text line contains an invalid character.
l.1 ^^@^^E^^V^^G^^@^^B^^@
                         ^^@Mac OS X        ^^@^^B^^@^^@^^@	^^@^^@^^@2^^@^^@...
A funny symbol that I can't read has just been input.
Continue, and I'll forget that it ever happened.

! Text line contains an invalid character.
l.1 ^^@^^E^^V^^G^^@^^B^^@^^@
                            Mac OS X        ^^@^^B^^@^^@^^@	^^@^^@^^@2^^@^^@...
A funny symbol that I can't read has just been input.
Continue, and I'll forget that it ever happened.


! LaTeX Error: Missing \begin{document}.

See the LaTeX manual or LaTeX Companion for explanation.
Type  H <return>  for immediate help.
 ...                                              
                                                  
l.1 ^^@^^E^^V^^G^^@^^B^^@^^@M
                             ac OS X        ^^@^^B^^@^^@^^@	^^@^^@^^@2^^@^^@...

You're in trouble here.  Try typing  <return>  to proceed.
If that doesn't work, type  X <return>  to quit.

Missing character: There is no M in font nullfont!
Missing character: There is no a in font nullfont!
Missing character: There is no c in font nullfont!
Missing character: There is no O in font nullfont!
Missing character: There is no S in font nullfont!
Missing character: There is no X in font nullfont!
! Text line contains an invalid character.
l.1 ^^@^^E^^V^^G^^@^^B^^@^^@Mac OS X        ^^@
                                               ^^B^^@^^@^^@	^^@^^@^^@2^^@^^@...
A funny symbol that I can't read has just been input.
Continue, and I'll forget that it ever happened.


! LaTeX Error: Unicode character ^^B (U+0002)
               not set up for use with LaTeX.

See the LaTeX manual or LaTeX Companion for explanation.
Type  H <return>  for immediate help.
 ...                                              
                                                  
l.1 ^^@^^E^^V^^G^^@^^B^^@^^@Mac OS X        ^^@^^B
                                                  ^^@^^@^^@	^^@^^@^^@2^^@^^@...

You may provide a definition with
\DeclareUnicodeCharacter 

! Text line contains an invalid character.
l.1 ...^^V^^G^^@^^B^^@^^@Mac OS X        ^^@^^B^^@
                                                  ^^@^^@	^^@^^@^^@2^^@^^@^^N...
A funny symbol that I can't read has just been input.
Continue, and I'll forget that it ever happened.

! Text line contains an invalid character.
l.1 ...^^G^^@^^B^^@^^@Mac OS X        ^^@^^B^^@^^@
                                                  ^^@	^^@^^@^^@2^^@^^@^^N∞^^...
A funny symbol that I can't read has just been input.
Continue, and I'll forget that it ever happened.

! Text line contains an invalid character.
l.1 ...^^@^^B^^@^^@Mac OS X        ^^@^^B^^@^^@^^@
                                                  	^^@^^@^^@2^^@^^@^^N∞^^@^^...
A funny symbol that I can't read has just been input.
Continue, and I'll forget that it ever happened.

! Text line contains an invalid character.
l.1 ...^B^^@^^@Mac OS X        ^^@^^B^^@^^@^^@	^^@
                                                  ^^@^^@2^^@^^@^^N∞^^@^^@^^@...
A funny symbol that I can't read has just been input.
Continue, and I'll forget that it ever happened.

! Text line contains an invalid character.
l.1 ...^@^^@Mac OS X        ^^@^^B^^@^^@^^@	^^@^^@
                                                  ^^@2^^@^^@^^N∞^^@^^@^^@^^B...
A funny symbol that I can't read has just been input.
Continue, and I'll forget that it ever happened.

! Text line contains an invalid character.
l.1 ...^@Mac OS X        ^^@^^B^^@^^@^^@	^^@^^@^^@
                                                  2^^@^^@^^N∞^^@^^@^^@^^B^^@...
A funny symbol that I can't read has just been input.
Continue, and I'll forget that it ever happened.

Missing character: There is no 2 in font nullfont!
! Text line contains an invalid character.
l.1 ...c OS X        ^^@^^B^^@^^@^^@	^^@^^@^^@2^^@
                                                  ^^@^^N∞^^@^^@^^@^^B^^@^^@^...
A funny symbol that I can't read has just been input.
Continue, and I'll forget that it ever happened.

! Text line contains an invalid character.
l.1 ...S X        ^^@^^B^^@^^@^^@	^^@^^@^^@2^^@^^@
                                                  ^^N∞^^@^^@^^@^^B^^@^^@^^N‚...
A funny symbol that I can't read has just been input.
Continue, and I'll forget that it ever happened.


! LaTeX Error: Unicode character ^^N (U+000E)
               not set up for use with LaTeX.

See the LaTeX manual or LaTeX Companion for explanation.
Type  H <return>  for immediate help.
 ...                                              
                                                  
l.1 ...        ^^@^^B^^@^^@^^@	^^@^^@^^@2^^@^^@^^N
                                                  ∞^^@^^@^^@^^B^^@^^@^^N‚^^@...

You may provide a definition with
\DeclareUnicodeCharacter 


! LaTeX Error: Invalid UTF-8 byte "B0.

See the LaTeX manual or LaTeX Companion for explanation.
Type  H <return>  for immediate help.
 ...                                              
                                                  
l.1 ...       ^^@^^B^^@^^@^^@	^^@^^@^^@2^^@^^@^^N∞
                                                  ^^@^^@^^@^^B^^@^^@^^N‚^^@^...

The document does not appear to be in UTF-8 encoding.
Try adding \UseRawInputEncoding as the first line of the file
or specify an encoding such as \usepackage [latin1]{inputenc}
in the document preamble.
Alternatively, save the file in UTF-8 using your editor or another tool

! Text line contains an invalid character.
l.1 ...    ^^@^^B^^@^^@^^@	^^@^^@^^@2^^@^^@^^N∞^^@
                                                  ^^@^^@^^B^^@^^@^^N‚^^@^^@^...
A funny symbol that I can't read has just been input.
Continue, and I'll forget that it ever happened.

! Text line contains an invalid character.
l.1 ... ^^@^^B^^@^^@^^@	^^@^^@^^@2^^@^^@^^N∞^^@^^@
                                                  ^^@^^B^^@^^@^^N‚^^@^^@^^A^...
A funny symbol that I can't read has just been input.
Continue, and I'll forget that it ever happened.

! Text line contains an invalid character.
l.1 ...@^^B^^@^^@^^@	^^@^^@^^@2^^@^^@^^N∞^^@^^@^^@
                                                  ^^B^^@^^@^^N‚^^@^^@^^A^^^^...
A funny symbol that I can't read has just been input.
Continue, and I'll forget that it ever happened.


! LaTeX Error: Unicode character ^^B (U+0002)
               not set up for use with LaTeX.

See the LaTeX manual or LaTeX Companion for explanation.
Type  H <return>  for immediate help.
 ...                                              
                                                  
l.1 ...B^^@^^@^^@	^^@^^@^^@2^^@^^@^^N∞^^@^^@^^@^^B
                                                  ^^@^^@^^N‚^^@^^@^^A^^^^^@^...

You may provide a definition with
\DeclareUnicodeCharacter 

! Text line contains an invalid character.
l.1 ...@^^@^^@	^^@^^@^^@2^^@^^@^^N∞^^@^^@^^@^^B^^@
                                                  ^^@^^N‚^^@^^@^^A^^^^^@^^@^...
A funny symbol that I can't read has just been input.
Continue, and I'll forget that it ever happened.

! Text line contains an invalid character.
l.1 ...@^^@	^^@^^@^^@2^^@^^@^^N∞^^@^^@^^@^^B^^@^^@
                                                  ^^N‚^^@^^@^^A^^^^^@^^@^^@^...
A funny symbol that I can't read has just been input.
Continue, and I'll forget that it ever happened.


! LaTeX Error: Unicode character ^^N (U+000E)
               not set up for use with LaTeX.

See the LaTeX manual or LaTeX Companion for explanation.
Type  H <return>  for immediate help.
 ...                                              
                                                  
l.1 ...@	^^@^^@^^@2^^@^^@^^N∞^^@^^@^^@^^B^^@^^@^^N
                                                  ‚^^@^^@^^A^^^^^@^^@^^@^^@^...

You may provide a definition with
\DeclareUnicodeCharacter 

! Text line contains an invalid character.
l.1 ...@^^@^^@2^^@^^@^^N∞^^@^^@^^@^^B^^@^^@^^N‚^^@
                                                  ^^@^^A^^^^^@^^@^^@^^@^^@^^...
A funny symbol that I can't read has just been input.
Continue, and I'll forget that it ever happened.

! Text line contains an invalid character.
l.1 ...@^^@2^^@^^@^^N∞^^@^^@^^@^^B^^@^^@^^N‚^^@^^@
                                                  ^^A^^^^^@^^@^^@^^@^^@^^@^^...
A funny symbol that I can't read has just been input.
Continue, and I'll forget that it ever happened.


! LaTeX Error: Invalid UTF-8 byte sequence (‚^^A^^^).

See the LaTeX manual or LaTeX Companion for explanation.
Type  H <return>  for immediate help.
 ...                                              
                                                  
l.1 ...^@^^@^^N∞^^@^^@^^@^^B^^@^^@^^N‚^^@^^@^^A^^^
                                                  ^^@^^@^^@^^@^^@^^@^^@^^@^^...

The document does not appear to be in UTF-8 encoding.
Try adding \UseRawInputEncoding as the first line of the file
or specify an encoding such as \usepackage [latin1]{inputenc}
in the document preamble.
Alternatively, save the file in UTF-8 using your editor or another tool

! Text line contains an invalid character.
l.1 ...^@^^N∞^^@^^@^^@^^B^^@^^@^^N‚^^@^^@^^A^^^^^@
                                                  ^^@^^@^^@^^@^^@^^@^^@^^@^^...
A funny symbol that I can't read has just been input.
Continue, and I'll forget that it ever happened.

! Text line contains an invalid character.
l.1 ...^N∞^^@^^@^^@^^B^^@^^@^^N‚^^@^^@^^A^^^^^@^^@
                                                  ^^@^^@^^@^^@^^@^^@^^@^^@^^...
A funny symbol that I can't read has just been input.
Continue, and I'll forget that it ever happened.

! Text line contains an invalid character.
l.1 ...^^@^^@^^@^^B^^@^^@^^N‚^^@^^@^^A^^^^^@^^@^^@
                                                  ^^@^^@^^@^^@^^@^^@^^@^^@^^...
A funny symbol that I can't read has just been input.
Continue, and I'll forget that it ever happened.

! Text line contains an invalid character.
l.1 ...^^@^^@^^B^^@^^@^^N‚^^@^^@^^A^^^^^@^^@^^@^^@
                                                  ^^@^^@^^@^^@^^@^^@^^@^^@^^...
A funny symbol that I can't read has just been input.
Continue, and I'll forget that it ever happened.

! Text line contains an invalid character.
l.1 ...^^@^^B^^@^^@^^N‚^^@^^@^^A^^^^^@^^@^^@^^@^^@
                                                  ^^@^^@^^@^^@^^@^^@^^@^^@^^...
A funny symbol that I can't read has just been input.
Continue, and I'll forget that it ever happened.

! Text line contains an invalid character.
l.1 ...^^B^^@^^@^^N‚^^@^^@^^A^^^^^@^^@^^@^^@^^@^^@
                                                  ^^@^^@^^@^^@^^@^^@^^@^^@^^...
A funny symbol that I can't read has just been input.
Continue, and I'll forget that it ever happened.

! Text line contains an invalid character.
l.1 ...^^@^^@^^N‚^^@^^@^^A^^^^^@^^@^^@^^@^^@^^@^^@
                                                  ^^@^^@^^@^^@^^@^^@^^@^^@^^...
A funny symbol that I can't read has just been input.
Continue, and I'll forget that it ever happened.

! Text line contains an invalid character.
l.1 ...^^@^^N‚^^@^^@^^A^^^^^@^^@^^@^^@^^@^^@^^@^^@
                                                  ^^@^^@^^@^^@^^@^^@^^@^^@^^...
A funny symbol that I can't read has just been input.
Continue, and I'll forget that it ever happened.

! Text line contains an invalid character.
l.1 ...^^N‚^^@^^@^^A^^^^^@^^@^^@^^@^^@^^@^^@^^@^^@
                                                  ^^@^^@^^@^^@^^@^^@^^@^^@^^...
A funny symbol that I can't read has just been input.
Continue, and I'll forget that it ever happened.

! Text line contains an invalid character.
l.1 ...‚^^@^^@^^A^^^^^@^^@^^@^^@^^@^^@^^@^^@^^@^^@
                                                  ^^@^^@^^@^^@^^@^^@^^@^^@^^...
A funny symbol that I can't read has just been input.
Continue, and I'll forget that it ever happened.

! Text line contains an invalid character.
l.1 ...@^^@^^A^^^^^@^^@^^@^^@^^@^^@^^@^^@^^@^^@^^@
                                                  ^^@^^@^^@^^@^^@^^@^^@^^@^^...
A funny symbol that I can't read has just been input.
Continue, and I'll forget that it ever happened.

! Text line contains an invalid character.
l.1 ...@^^A^^^^^@^^@^^@^^@^^@^^@^^@^^@^^@^^@^^@^^@
                                                  ^^@^^@^^@^^@^^@^^@^^@^^@^^...
A funny symbol that I can't read has just been input.
Continue, and I'll forget that it ever happened.

! Text line contains an invalid character.
l.1 ...A^^^^^@^^@^^@^^@^^@^^@^^@^^@^^@^^@^^@^^@^^@
                                                  ^^@^^@^^@^^@^^@^^@^^@^^@^^...
A funny symbol that I can't read has just been input.
Continue, and I'll forget that it ever happened.

! Text line contains an invalid character.
l.1 ...^^^@^^@^^@^^@^^@^^@^^@^^@^^@^^@^^@^^@^^@^^@
                                                  ^^@^^@^^@^^@^^@^^@^^@^^@^^...
A funny symbol that I can't read has just been input.
Continue, and I'll forget that it ever happened.

! Text line contains an invalid character.
l.1 ...@^^@^^@^^@^^@^^@^^@^^@^^@^^@^^@^^@^^@^^@^^@
                                                  ^^@^^@^^@^^@^^@^^@^^@^^@^^...
A funny symbol that I can't read has just been input.
Continue, and I'll forget that it ever happened.

! Text line contains an invalid character.
l.1 ...@^^@^^@^^@^^@^^@^^@^^@^^@^^@^^@^^@^^@^^@^^@
                                                  ^^@^^@^^@^^@^^@^^@^^@^^@^^...
A funny symbol that I can't read has just been input.
Continue, and I'll forget that it ever happened.

! Text line contains an invalid character.
l.1 ...@^^@^^@^^@^^@^^@^^@^^@^^@^^@^^@^^@^^@^^@^^@
                                                  ^^@^^@^^@^^@^^@^^@^^@^^@^^...
A funny symbol that I can't read has just been input.
Continue, and I'll forget that it ever happened.

! Text line contains an invalid character.
l.1 ...@^^@^^@^^@^^@^^@^^@^^@^^@^^@^^@^^@^^@^^@^^@
                                                  ^^@^^@^^@^^@^^@^^@^^@^^@^^...
A funny symbol that I can't read has just been input.
Continue, and I'll forget that it ever happened.

! Text line contains an invalid character.
l.1 ...@^^@^^@^^@^^@^^@^^@^^@^^@^^@^^@^^@^^@^^@^^@
                                                  ^^@^^@^^@^^@^^@^^@^^@^^@^^...
A funny symbol that I can't read has just been input.
Continue, and I'll forget that it ever happened.

! Text line contains an invalid character.
l.1 ...@^^@^^@^^@^^@^^@^^@^^@^^@^^@^^@^^@^^@^^@^^@
                                                  ^^@^^@^^@^^@^^@^^@^^@^^@^^...
A funny symbol that I can't read has just been input.
Continue, and I'll forget that it ever happened.

! Text line contains an invalid character.
l.1 ...@^^@^^@^^@^^@^^@^^@^^@^^@^^@^^@^^@^^@^^@^^@
                                                  ^^@^^@^^@^^@^^@^^@^^@^^@^^...
A funny symbol that I can't read has just been input.
Continue, and I'll forget that it ever happened.

! Text line contains an invalid character.
l.1 ...@^^@^^@^^@^^@^^@^^@^^@^^@^^@^^@^^@^^@^^@^^@
                                                  ^^@^^@^^@^^@^^@^^@^^@^^@^^...
A funny symbol that I can't read has just been input.
Continue, and I'll forget that it ever happened.

! Text line contains an invalid character.
l.1 ...@^^@^^@^^@^^@^^@^^@^^@^^@^^@^^@^^@^^@^^@^^@
                                                  ^^@^^@^^@^^@^^@^^@^^@^^@^^...
A funny symbol that I can't read has just been input.
Continue, and I'll forget that it ever happened.

! Text line contains an invalid character.
l.1 ...@^^@^^@^^@^^@^^@^^@^^@^^@^^@^^@^^@^^@^^@^^@
                                                  ^^@^^@^^@^^@^^@^^@^^@^^@^^...
A funny symbol that I can't read has just been input.
Continue, and I'll forget that it ever happened.

! Text line contains an invalid character.
l.1 ...@^^@^^@^^@^^@^^@^^@^^@^^@^^@^^@^^@^^@^^@^^@
                                                  ^^@^^@^^@^^@^^@^^@^^@^^@^^...
A funny symbol that I can't read has just been input.
Continue, and I'll forget that it ever happened.

! Text line contains an invalid character.
l.1 ...@^^@^^@^^@^^@^^@^^@^^@^^@^^@^^@^^@^^@^^@^^@
                                                  ^^@^^@^^@^^@^^@^^@^^@^^@AT...
A funny symbol that I can't read has just been input.
Continue, and I'll forget that it ever happened.

! Text line contains an invalid character.
l.1 ...@^^@^^@^^@^^@^^@^^@^^@^^@^^@^^@^^@^^@^^@^^@
                                                  ^^@^^@^^@^^@^^@^^@^^@ATTR^...
A funny symbol that I can't read has just been input.
Continue, and I'll forget that it ever happened.

! Text line contains an invalid character.
l.1 ...@^^@^^@^^@^^@^^@^^@^^@^^@^^@^^@^^@^^@^^@^^@
                                                  ^^@^^@^^@^^@^^@^^@ATTR^^@^...
A funny symbol that I can't read has just been input.
Continue, and I'll forget that it ever happened.

! Text line contains an invalid character.
l.1 ...@^^@^^@^^@^^@^^@^^@^^@^^@^^@^^@^^@^^@^^@^^@
                                                  ^^@^^@^^@^^@^^@ATTR^^@^^@^...
A funny symbol that I can't read has just been input.
Continue, and I'll forget that it ever happened.

! Text line contains an invalid character.
l.1 ...@^^@^^@^^@^^@^^@^^@^^@^^@^^@^^@^^@^^@^^@^^@
                                                  ^^@^^@^^@^^@ATTR^^@^^@^^@^...
A funny symbol that I can't read has just been input.
Continue, and I'll forget that it ever happened.

! Text line contains an invalid character.
l.1 ...@^^@^^@^^@^^@^^@^^@^^@^^@^^@^^@^^@^^@^^@^^@
                                                  ^^@^^@^^@ATTR^^@^^@^^@^^@^...
A funny symbol that I can't read has just been input.
Continue, and I'll forget that it ever happened.

! Text line contains an invalid character.
l.1 ...@^^@^^@^^@^^@^^@^^@^^@^^@^^@^^@^^@^^@^^@^^@
                                                  ^^@^^@ATTR^^@^^@^^@^^@^^@^...
A funny symbol that I can't read has just been input.
Continue, and I'll forget that it ever happened.

! Text line contains an invalid character.
l.1 ...@^^@^^@^^@^^@^^@^^@^^@^^@^^@^^@^^@^^@^^@^^@
                                                  ^^@ATTR^^@^^@^^@^^@^^@^^@^...
A funny symbol that I can't read has just been input.
Continue, and I'll forget that it ever happened.

! Text line contains an invalid character.
l.1 ...@^^@^^@^^@^^@^^@^^@^^@^^@^^@^^@^^@^^@^^@^^@
                                                  ATTR^^@^^@^^@^^@^^@^^@^^N‚...
A funny symbol that I can't read has just been input.
Continue, and I'll forget that it ever happened.

Missing character: There is no A in font nullfont!
Missing character: There is no T in font nullfont!
Missing character: There is no T in font nullfont!
Missing character: There is no R in font nullfont!
! Text line contains an invalid character.
l.1 ...^^@^^@^^@^^@^^@^^@^^@^^@^^@^^@^^@^^@ATTR^^@
                                                  ^^@^^@^^@^^@^^@^^N‚^^@^^@^...
A funny symbol that I can't read has just been input.
Continue, and I'll forget that it ever happened.

! Text line contains an invalid character.
l.1 ...^^@^^@^^@^^@^^@^^@^^@^^@^^@^^@^^@ATTR^^@^^@
                                                  ^^@^^@^^@^^@^^N‚^^@^^@^^@¿...
A funny symbol that I can't read has just been input.
Continue, and I'll forget that it ever happened.

! Text line contains an invalid character.
l.1 ...^^@^^@^^@^^@^^@^^@^^@^^@^^@^^@ATTR^^@^^@^^@
                                                  ^^@^^@^^@^^N‚^^@^^@^^@¿^^@...
A funny symbol that I can't read has just been input.
Continue, and I'll forget that it ever happened.

! Text line contains an invalid character.
l.1 ...^^@^^@^^@^^@^^@^^@^^@^^@^^@ATTR^^@^^@^^@^^@
                                                  ^^@^^@^^N‚^^@^^@^^@¿^^@^^@...
A funny symbol that I can't read has just been input.
Continue, and I'll forget that it ever happened.

! Text line contains an invalid character.
l.1 ...^^@^^@^^@^^@^^@^^@^^@^^@ATTR^^@^^@^^@^^@^^@
                                                  ^^@^^N‚^^@^^@^^@¿^^@^^@^^@...
A funny symbol that I can't read has just been input.
Continue, and I'll forget that it ever happened.

! Text line contains an invalid character.
l.1 ...^^@^^@^^@^^@^^@^^@^^@ATTR^^@^^@^^@^^@^^@^^@
                                                  ^^N‚^^@^^@^^@¿^^@^^@^^@I^^...
A funny symbol that I can't read has just been input.
Continue, and I'll forget that it ever happened.


! LaTeX Error: Unicode character ^^N (U+000E)
               not set up for use with LaTeX.

See the LaTeX manual or LaTeX Companion for explanation.
Type  H <return>  for immediate help.
 ...                                              
                                                  
l.1 ...^^@^^@^^@^^@^^@^^@ATTR^^@^^@^^@^^@^^@^^@^^N
                                                  ‚^^@^^@^^@¿^^@^^@^^@I^^@^^...

You may provide a definition with
\DeclareUnicodeCharacter 

! Text line contains an invalid character.
l.1 ...^@^^@^^@^^@^^@ATTR^^@^^@^^@^^@^^@^^@^^N‚^^@
                                                  ^^@^^@¿^^@^^@^^@I^^@^^@^^@...
A funny symbol that I can't read has just been input.
Continue, and I'll forget that it ever happened.

! Text line contains an invalid character.
l.1 ...^@^^@^^@^^@ATTR^^@^^@^^@^^@^^@^^@^^N‚^^@^^@
                                                  ^^@¿^^@^^@^^@I^^@^^@^^@^^@...
A funny symbol that I can't read has just been input.
Continue, and I'll forget that it ever happened.

! Text line contains an invalid character.
l.1 ...^@^^@^^@ATTR^^@^^@^^@^^@^^@^^@^^N‚^^@^^@^^@
                                                  ¿^^@^^@^^@I^^@^^@^^@^^@^^@...
A funny symbol that I can't read has just been input.
Continue, and I'll forget that it ever happened.

! Text line contains an invalid character.
l.1 ...@^^@ATTR^^@^^@^^@^^@^^@^^@^^N‚^^@^^@^^@¿^^@
                                                  ^^@^^@I^^@^^@^^@^^@^^@^^@^...
A funny symbol that I can't read has just been input.
Continue, and I'll forget that it ever happened.

! Text line contains an invalid character.
l.1 ...@ATTR^^@^^@^^@^^@^^@^^@^^N‚^^@^^@^^@¿^^@^^@
                                                  ^^@I^^@^^@^^@^^@^^@^^@^^@^...
A funny symbol that I can't read has just been input.
Continue, and I'll forget that it ever happened.

! Text line contains an invalid character.
l.1 ...TR^^@^^@^^@^^@^^@^^@^^N‚^^@^^@^^@¿^^@^^@^^@
                                                  I^^@^^@^^@^^@^^@^^@^^@^^@^...
A funny symbol that I can't read has just been input.
Continue, and I'll forget that it ever happened.


! LaTeX Error: Invalid UTF-8 byte sequence (‚¿I).

See the LaTeX manual or LaTeX Companion for explanation.
Type  H <return>  for immediate help.
 ...                                              
                                                  
l.1 ...R^^@^^@^^@^^@^^@^^@^^N‚^^@^^@^^@¿^^@^^@^^@I
                                                  ^^@^^@^^@^^@^^@^^@^^@^^@^^...

The document does not appear to be in UTF-8 encoding.
Try adding \UseRawInputEncoding as the first line of the file
or specify an encoding such as \usepackage [latin1]{inputenc}
in the document preamble.
Alternatively, save the file in UTF-8 using your editor or another tool

! Text line contains an invalid character.
l.1 ...@^^@^^@^^@^^@^^@^^N‚^^@^^@^^@¿^^@^^@^^@I^^@
                                                  ^^@^^@^^@^^@^^@^^@^^@^^@^^...
A funny symbol that I can't read has just been input.
Continue, and I'll forget that it ever happened.

! Text line contains an invalid character.
l.1 ...@^^@^^@^^@^^@^^N‚^^@^^@^^@¿^^@^^@^^@I^^@^^@
                                                  ^^@^^@^^@^^@^^@^^@^^@^^@^^...
A funny symbol that I can't read has just been input.
Continue, and I'll forget that it ever happened.

! Text line contains an invalid character.
l.1 ...@^^@^^@^^@^^N‚^^@^^@^^@¿^^@^^@^^@I^^@^^@^^@
                                                  ^^@^^@^^@^^@^^@^^@^^@^^@^^...
A funny symbol that I can't read has just been input.
Continue, and I'll forget that it ever happened.

! Text line contains an invalid character.
l.1 ...@^^@^^@^^N‚^^@^^@^^@¿^^@^^@^^@I^^@^^@^^@^^@
                                                  ^^@^^@^^@^^@^^@^^@^^@^^@^^...
A funny symbol that I can't read has just been input.
Continue, and I'll forget that it ever happened.

! Text line contains an invalid character.
l.1 ...@^^@^^N‚^^@^^@^^@¿^^@^^@^^@I^^@^^@^^@^^@^^@
                                                  ^^@^^@^^@^^@^^@^^@^^@^^@^^...
A funny symbol that I can't read has just been input.
Continue, and I'll forget that it ever happened.

! Text line contains an invalid character.
l.1 ...@^^N‚^^@^^@^^@¿^^@^^@^^@I^^@^^@^^@^^@^^@^^@
                                                  ^^@^^@^^@^^@^^@^^@^^@^^@^^...
A funny symbol that I can't read has just been input.
Continue, and I'll forget that it ever happened.

! Text line contains an invalid character.
l.1 ...N‚^^@^^@^^@¿^^@^^@^^@I^^@^^@^^@^^@^^@^^@^^@
                                                  ^^@^^@^^@^^@^^@^^@^^@^^@^^...
A funny symbol that I can't read has just been input.
Continue, and I'll forget that it ever happened.

! Text line contains an invalid character.
l.1 ...^@^^@^^@¿^^@^^@^^@I^^@^^@^^@^^@^^@^^@^^@^^@
                                                  ^^@^^@^^@^^@^^@^^@^^@^^B^^...
A funny symbol that I can't read has just been input.
Continue, and I'll forget that it ever happened.

! Text line contains an invalid character.
l.1 ...^@^^@¿^^@^^@^^@I^^@^^@^^@^^@^^@^^@^^@^^@^^@
                                                  ^^@^^@^^@^^@^^@^^@^^B^^@^^...
A funny symbol that I can't read has just been input.
Continue, and I'll forget that it ever happened.

! Text line contains an invalid character.
l.1 ...^@¿^^@^^@^^@I^^@^^@^^@^^@^^@^^@^^@^^@^^@^^@
                                                  ^^@^^@^^@^^@^^@^^B^^@^^@^^...
A funny symbol that I can't read has just been input.
Continue, and I'll forget that it ever happened.

! Text line contains an invalid character.
l.1 ...^^@^^@^^@I^^@^^@^^@^^@^^@^^@^^@^^@^^@^^@^^@
                                                  ^^@^^@^^@^^@^^B^^@^^@^^@¿^...
A funny symbol that I can't read has just been input.
Continue, and I'll forget that it ever happened.

! Text line contains an invalid character.
l.1 ...^^@^^@I^^@^^@^^@^^@^^@^^@^^@^^@^^@^^@^^@^^@
                                                  ^^@^^@^^@^^B^^@^^@^^@¿^^@^...
A funny symbol that I can't read has just been input.
Continue, and I'll forget that it ever happened.

! Text line contains an invalid character.
l.1 ...^^@I^^@^^@^^@^^@^^@^^@^^@^^@^^@^^@^^@^^@^^@
                                                  ^^@^^@^^B^^@^^@^^@¿^^@^^@^...
A funny symbol that I can't read has just been input.
Continue, and I'll forget that it ever happened.

! Text line contains an invalid character.
l.1 ...I^^@^^@^^@^^@^^@^^@^^@^^@^^@^^@^^@^^@^^@^^@
                                                  ^^@^^B^^@^^@^^@¿^^@^^@^^@9...
A funny symbol that I can't read has just been input.
Continue, and I'll forget that it ever happened.

! Text line contains an invalid character.
l.1 ...@^^@^^@^^@^^@^^@^^@^^@^^@^^@^^@^^@^^@^^@^^@
                                                  ^^B^^@^^@^^@¿^^@^^@^^@9^^@...
A funny symbol that I can't read has just been input.
Continue, and I'll forget that it ever happened.


! LaTeX Error: Unicode character ^^B (U+0002)
               not set up for use with LaTeX.

See the LaTeX manual or LaTeX Companion for explanation.
Type  H <return>  for immediate help.
 ...                                              
                                                  
l.1 ...@^^@^^@^^@^^@^^@^^@^^@^^@^^@^^@^^@^^@^^@^^B
                                                  ^^@^^@^^@¿^^@^^@^^@9^^@^^@...

You may provide a definition with
\DeclareUnicodeCharacter 

! Text line contains an invalid character.
l.1 ...@^^@^^@^^@^^@^^@^^@^^@^^@^^@^^@^^@^^@^^B^^@
                                                  ^^@^^@¿^^@^^@^^@9^^@^^@^^U...
A funny symbol that I can't read has just been input.
Continue, and I'll forget that it ever happened.

! Text line contains an invalid character.
l.1 ...@^^@^^@^^@^^@^^@^^@^^@^^@^^@^^@^^@^^B^^@^^@
                                                  ^^@¿^^@^^@^^@9^^@^^@^^Ucom...
A funny symbol that I can't read has just been input.
Continue, and I'll forget that it ever happened.

! Text line contains an invalid character.
l.1 ...@^^@^^@^^@^^@^^@^^@^^@^^@^^@^^@^^B^^@^^@^^@
                                                  ¿^^@^^@^^@9^^@^^@^^Ucom.ap...
A funny symbol that I can't read has just been input.
Continue, and I'll forget that it ever happened.


! LaTeX Error: Invalid UTF-8 byte "C0.

See the LaTeX manual or LaTeX Companion for explanation.
Type  H <return>  for immediate help.
 ...                                              
                                                  
l.1 ...^^@^^@^^@^^@^^@^^@^^@^^@^^@^^@^^B^^@^^@^^@¿
                                                  ^^@^^@^^@9^^@^^@^^Ucom.app...

The document does not appear to be in UTF-8 encoding.
Try adding \UseRawInputEncoding as the first line of the file
or specify an encoding such as \usepackage [latin1]{inputenc}
in the document preamble.
Alternatively, save the file in UTF-8 using your editor or another tool

! Text line contains an invalid character.
l.1 ...^^@^^@^^@^^@^^@^^@^^@^^@^^@^^B^^@^^@^^@¿^^@
                                                  ^^@^^@9^^@^^@^^Ucom.apple....
A funny symbol that I can't read has just been input.
Continue, and I'll forget that it ever happened.

! Text line contains an invalid character.
l.1 ...^^@^^@^^@^^@^^@^^@^^@^^@^^B^^@^^@^^@¿^^@^^@
                                                  ^^@9^^@^^@^^Ucom.apple.qua...
A funny symbol that I can't read has just been input.
Continue, and I'll forget that it ever happened.

! Text line contains an invalid character.
l.1 ...^^@^^@^^@^^@^^@^^@^^@^^B^^@^^@^^@¿^^@^^@^^@
                                                  9^^@^^@^^Ucom.apple.quaran...
A funny symbol that I can't read has just been input.
Continue, and I'll forget that it ever happened.

Missing character: There is no 9 in font nullfont!
! Text line contains an invalid character.
l.1 ...^@^^@^^@^^@^^@^^@^^B^^@^^@^^@¿^^@^^@^^@9^^@
                                                  ^^@^^Ucom.apple.quarantine...
A funny symbol that I can't read has just been input.
Continue, and I'll forget that it ever happened.

! Text line contains an invalid character.
l.1 ...^@^^@^^@^^@^^@^^B^^@^^@^^@¿^^@^^@^^@9^^@^^@
                                                  ^^Ucom.apple.quarantine^^@...
A funny symbol that I can't read has just been input.
Continue, and I'll forget that it ever happened.


! LaTeX Error: Unicode character ^^U (U+0015)
               not set up for use with LaTeX.

See the LaTeX manual or LaTeX Companion for explanation.
Type  H <return>  for immediate help.
 ...                                              
                                                  
l.1 ...^@^^@^^@^^@^^B^^@^^@^^@¿^^@^^@^^@9^^@^^@^^U
                                                  com.apple.quarantine^^@^^@...

You may provide a definition with
\DeclareUnicodeCharacter 

Missing character: There is no c in font nullfont!
Missing character: There is no o in font nullfont!
Missing character: There is no m in font nullfont!
Missing character: There is no . in font nullfont!
Missing character: There is no a in font nullfont!
Missing character: There is no p in font nullfont!
Missing character: There is no p in font nullfont!
Missing character: There is no l in font nullfont!
Missing character: There is no e in font nullfont!
Missing character: There is no . in font nullfont!
Missing character: There is no q in font nullfont!
Missing character: There is no u in font nullfont!
Missing character: There is no a in font nullfont!
Missing character: There is no r in font nullfont!
Missing character: There is no a in font nullfont!
Missing character: There is no n in font nullfont!
Missing character: There is no t in font nullfont!
Missing character: There is no i in font nullfont!
Missing character: There is no n in font nullfont!
Missing character: There is no e in font nullfont!
! Text line contains an invalid character.
l.1 ...¿^^@^^@^^@9^^@^^@^^Ucom.apple.quarantine^^@
                                                  ^^@^^@^^@˘^^@^^@^^@^^P^^@^...
A funny symbol that I can't read has just been input.
Continue, and I'll forget that it ever happened.

! Text line contains an invalid character.
l.1 ...@^^@^^@9^^@^^@^^Ucom.apple.quarantine^^@^^@
                                                  ^^@^^@˘^^@^^@^^@^^P^^@^^@^...
A funny symbol that I can't read has just been input.
Continue, and I'll forget that it ever happened.

! Text line contains an invalid character.
l.1 ...@^^@9^^@^^@^^Ucom.apple.quarantine^^@^^@^^@
                                                  ^^@˘^^@^^@^^@^^P^^@^^@^^Zc...
(That makes 100 errors; please try again.) 
Here is how much of TeX's memory you used:
 17 strings out of 473201
 418 string characters out of 5716120
 391988 words of memory out of 5000000
 23367 multiletter control sequences out of 15000+600000
 558837 words of font info for 36 fonts, out of 8000000 for 9000
 1141 hyphenation exceptions out of 8191
 15i,0n,18p,4159b,14s stack positions out of 10000i,1000n,20000p,200000b,200000s

!  ==> Fatal error occurred, no output PDF file produced!
